Last login: Tue Aug  1 21:20:58 on ttys000
(base) tomiken@TOMIKENnoMacBook-Pro ~ % cd /Users/tomiken/Documents/SAMURAIエンジニア塾/教材学習用/GitHub学習/kadai_004/git_challenge
(base) tomiken@TOMIKENnoMacBook-Pro git_challenge % git remote -v
origin	https://github.com/Tomiken0503/samurai-terakoya.git (fetch)
origin	https://github.com/Tomiken0503/samurai-terakoya.git (push)
(base) tomiken@TOMIKENnoMacBook-Pro git_challenge % git push -u origin git_challenge
error: src refspec git_challenge does not match any
error: failed to push some refs to 'https://github.com/Tomiken0503/samurai-terakoya.git'
(base) tomiken@TOMIKENnoMacBook-Pro git_challenge % push --force origin git_challenge
zsh: command not found: push
(base) tomiken@TOMIKENnoMacBook-Pro git_challenge % git push -u origin HEAD:git_challenge
Enumerating objects: 17, done.
Counting objects: 100% (16/16), done.
Delta compression using up to 8 threads
Compressing objects: 100% (9/9), done.
Writing objects: 100% (11/11), 1.95 KiB | 1.95 MiB/s, done.
Total 11 (delta 3), reused 0 (delta 0), pack-reused 0
remote: Resolving deltas: 100% (3/3), completed with 1 local object.
To https://github.com/Tomiken0503/samurai-terakoya.git
   93bfce9..b5d4b3b  HEAD -> git_challenge
branch 'main' set up to track 'origin/git_challenge'.
(base) tomiken@TOMIKENnoMacBook-Pro git_challenge % git checkout -b pull_request
Switched to a new branch 'pull_request'
(base) tomiken@TOMIKENnoMacBook-Pro git_challenge % git branch
  main
* pull_request
(base) tomiken@TOMIKENnoMacBook-Pro git_challenge % git status
On branch pull_request
Changes not staged for commit:
  (use "git add <file>..." to update what will be committed)
  (use "git restore <file>..." to discard changes in working directory)
	modified:   hello_world.txt
no changes added to commit (use "git add" and/or "git commit -a")
(base) tomiken@TOMIKENnoMacBook-Pro git_challenge % git add hello_world.txt
(base) tomiken@TOMIKENnoMacBook-Pro git_challenge % git commit -m "hello_world.txtを変更"
[pull_request 149106b] hello_world.txtを変更
 1 file changed, 1 insertion(+), 1 deletion(-)
(base) tomiken@TOMIKENnoMacBook-Pro git_challenge % git push origin pull_request         
Enumerating objects: 5, done.
Counting objects: 100% (5/5), done.
Delta compression using up to 8 threads
Compressing objects: 100% (2/2), done.
Writing objects: 100% (3/3), 351 bytes | 351.00 KiB/s, done.
Total 3 (delta 0), reused 0 (delta 0), pack-reused 0
remote: 
remote: Create a pull request for 'pull_request' on GitHub by visiting:
remote:      https://github.com/Tomiken0503/samurai-terakoya/pull/new/pull_request
remote: 
To https://github.com/Tomiken0503/samurai-terakoya.git
 * [new branch]      pull_request -> pull_request
(base) tomiken@TOMIKENnoMacBook-Pro git_challenge % git checkout main
Switched to branch 'main'
Your branch is up to date with 'origin/git_challenge'.
(base) tomiken@TOMIKENnoMacBook-Pro git_challenge % git branch -D pull_request
Deleted branch pull_request (was 149106b).
(base) tomiken@TOMIKENnoMacBook-Pro git_challenge % git pull
remote: Enumerating objects: 1, done.
remote: Counting objects: 100% (1/1), done.
remote: Total 1 (delta 0), reused 0 (delta 0), pack-reused 0
Unpacking objects: 100% (1/1), 690 bytes | 690.00 KiB/s, done.
From https://github.com/Tomiken0503/samurai-terakoya
   93bfce9..02f0d9c  main       -> origin/main
Already up to date.
